// Jest Snapshot v1, https://goo.gl/fbAQLP

exports[`Tests for ActionButton Should correctly render the component 1`] = `
<DocumentFragment>
  <div>
    <button
      class="big-button"
      disabled=""
      id="big-button"
    >
      Choose for me
    </button>
  </div>
  <div
    class="add-option-container"
  >
    <form
      class="add-option"
    >
      <input
        autocomplete="off"
        class="add-option__input"
        name="option"
        type="text"
      />
      <button
        class="button"
      >
        Add Option
      </button>
    </form>
  </div>
</DocumentFragment>
`;
