// Jest Snapshot v1, https://goo.gl/fbAQLP

exports[`Tests for AddForm component Initialization tests Should correctly render the AddForm component 1`] = `
<DocumentFragment>
  <div
    class="add-option-container"
  >
    <form
      class="add-option"
    >
      <input
        autocomplete="off"
        class="add-option__input"
        name="option"
        type="text"
      />
      <button
        class="button"
      >
        Add Option
      </button>
    </form>
  </div>
</DocumentFragment>
`;
